2022-08-24 14:02:33,723:INFO:root:Model:CustomCNN, EpochTrained:5, Acc: 94.3%, AvgLoss: 0.010617, AddInfo: -512Hop
2022-08-24 14:09:16,140:INFO:root:Model:CustomSCNN, EpochTrained:1, Acc: 12.0%, AvgLoss: 1.424737, AddInfo: -512Hop
2022-08-24 14:11:09,774:INFO:root:Model:CustomSCNN, EpochTrained:5, Acc: 78.3%, AvgLoss: 0.635414, AddInfo: -512Hop
2022-08-24 14:18:52,515:INFO:root:Model:CustomSCNN, EpochTrained:5, Acc: 99.0%, AvgLoss: 0.069972, AddInfo: -512Hop-NoPool
2022-08-24 14:49:30,053:INFO:root:Model:CustomSCNN, EpochTrained:5, Acc: 87.0%, AvgLoss: 0.380478, AddInfo: -512Hop-1Pool
2022-08-24 14:57:33,735:INFO:root:Model:CustomSCNN, EpochTrained:2, Acc: 56.7%, AvgLoss: 0.917332, AddInfo: -512Hop-2Pool
2022-08-24 15:02:29,892:INFO:root:Model:CustomSCNN, EpochTrained:2, Acc: 66.0%, AvgLoss: 0.885713, AddInfo: -512Hop-2Pool
2022-08-24 15:04:49,879:INFO:root:Model:CustomSCNN, EpochTrained:5, Acc: 93.0%, AvgLoss: 0.291601, AddInfo: -512Hop-1Pool
2022-08-24 15:06:22,138:INFO:root:Model:CustomCNN, EpochTrained:5, Acc: 92.3%, AvgLoss: 0.016093, AddInfo: -512Hop
2022-08-24 15:17:17,426:INFO:root:Model:CustomSCNN, EpochTrained:5, Acc: 64.3%, AvgLoss: 0.826797, AddInfo: -512Hop
2022-08-24 15:23:37,624:INFO:root:Model:CustomSCNN, EpochTrained:5, Acc: 97.3%, AvgLoss: 0.090039, AddInfo: -512Hop
2022-08-25 08:56:29,671:INFO:root:Model:CustomCNN, EpochTrained:5, Acc: 92.7%, AvgLoss: 0.014326, AddInfo: -512Hop
2022-08-25 09:10:59,102:INFO:root:Model:CustomCNN, EpochTrained:5, Acc: 93.3%, AvgLoss: 0.010863, AddInfo: -512Hop
2022-08-26 16:47:47,227:INFO:root:Model:CustomSCNN, EpochTrained:5, Acc: 98.7%, AvgLoss: 0.076493, AddInfo: -512Hop
2022-08-29 15:28:17,424:INFO:root:Model:CustomCNN, EpochTrained:5, Acc: 95.3%, AvgLoss: 0.009886, AddInfo: -512Hop
2022-08-30 14:28:05,457:INFO:root:Model:CustomCNN, EpochTrained:5, Acc: 91.3%, AvgLoss: 0.017661, AddInfo: -512Hop
2022-08-30 14:29:36,298:INFO:root:Model:CustomCNN, EpochTrained:5, Acc: 96.7%, AvgLoss: 0.008974, AddInfo: -512Hop
2022-08-30 14:33:16,096:INFO:root:Model:CustomSCNN, EpochTrained:5, Acc: 99.0%, AvgLoss: 0.072390, AddInfo: -512Hop
2022-09-05 09:03:37,712:INFO:ResultsLogger:Model:CustomCNN, EpochTrained:20, Acc: 79.7%, AvgLoss: 0.047131, AddInfo: hopLen64_frameLen128_rmse
2022-09-05 09:05:49,733:INFO:ResultsLogger:Model:CustomCNN, EpochTrained:20, Acc: 67.7%, AvgLoss: 0.052276, AddInfo: hopLen64_frameLen256_rmse
2022-09-05 09:19:07,935:INFO:ResultsLogger:Model:CustomCNN, EpochTrained:20, Acc: 81.3%, AvgLoss: 0.036999, AddInfo: hopLen64_frameLen256_rmse
2022-09-05 10:05:17,472:INFO:ResultsLogger:Model:CustomCNN, EpochTrained:20, Acc: 83.3%, AvgLoss: 0.040169, AddInfo: hopLen256_frameLen256_rmse
2022-09-05 10:07:52,875:INFO:ResultsLogger:Model:CustomCNN, EpochTrained:20, Acc: 81.3%, AvgLoss: 0.053016, AddInfo: hopLen160_frameLen256_rmse
2022-09-05 10:15:24,469:INFO:ResultsLogger:Model:CustomSCNN, EpochTrained:20, Acc: 7.0%, AvgLoss: 1.461817, AddInfo: hopLen160_frameLen256_rmse_10Steps
2022-09-05 12:43:51,014:INFO:ResultsLogger:Model:CustomCNN, EpochTrained:20, Acc: 94.3%, AvgLoss: 0.012352, AddInfo: hopLen160_frameLen256_rmse
2022-09-05 12:47:26,535:INFO:ResultsLogger:Model:CustomSCNN, EpochTrained:20, Acc: 5.3%, AvgLoss: 1.464330, AddInfo: hopLen160_frameLen256_rmse_10Steps
2022-09-05 12:51:14,285:INFO:ResultsLogger:Model:CustomSCNN, EpochTrained:20, Acc: 99.0%, AvgLoss: 0.051253, AddInfo: hopLen160_nMFCC16_mfcc_10Steps
2022-09-05 13:45:32,177:INFO:ResultsLogger:Model:CustomCNN, EpochTrained:20, Acc: 97.7%, AvgLoss: 0.008424, AddInfo: hopLen160_nMFCC16_mfcc
2022-09-05 14:35:27,549:INFO:ResultsLogger:Model:CustomSCNN, EpochTrained:20, Acc: 99.0%, AvgLoss: 0.047749, AddInfo: hopLen160_nMFCC16_mfcc_10Steps
2022-09-05 14:36:48,105:INFO:ResultsLogger:Model:CustomCNN, EpochTrained:20, Acc: 99.0%, AvgLoss: 0.002912, AddInfo: hopLen160_nMFCC16_mfcc
2022-09-05 14:39:29,002:INFO:ResultsLogger:Model:CustomSCNN, EpochTrained:20, Acc: 98.3%, AvgLoss: 0.075499, AddInfo: hopLen160_nMFCC16_mfcc_10Steps
2022-09-05 14:46:43,330:INFO:ResultsLogger:Model:CustomCNN, EpochTrained:20, Acc: 98.3%, AvgLoss: 0.006265, AddInfo: hopLen160_nMFCC16_mfcc
2022-09-06 16:12:06,456:INFO:ResultsLogger:Model:customCNN, EpochTrained:20, Acc: 99.6%, AvgLoss: 0.000839, AddInfo: quantized_result_customCNN
2022-09-06 16:17:17,917:INFO:ResultsLogger:Model:customCNN, EpochTrained:20, Acc: 99.6%, AvgLoss: 0.000210, AddInfo: quantized_result_customCNN
2022-09-06 16:22:49,813:INFO:ResultsLogger:Model:customCNN, EpochTrained:20, Acc: 99.6%, AvgLoss: 0.000210, AddInfo: quantized_result_customCNN
2022-09-07 08:43:07,682:INFO:ResultsLogger:Model:customCNN, EpochTrained:20, Acc: 99.6%, AvgLoss: 0.000210, AddInfo: quantized_result_customCNN
2022-09-07 08:59:41,126:INFO:ResultsLogger:Model:customCNN, EpochTrained:20, Acc: 99.6%, AvgLoss: 0.000210, AddInfo: quantized_result_customCNN
2022-09-07 09:03:29,403:INFO:ResultsLogger:Model:customCNN, EpochTrained:20, Acc: 98.0%, AvgLoss: 0.001070, AddInfo: quantized_result_customCNN
2022-09-07 13:32:07,076:INFO:ResultsLogger:Model:CustomSCNN, EpochTrained:20, Acc: 98.3%, AvgLoss: 0.008665, AddInfo: quantized_result_CustomSCNN
2022-09-07 13:34:14,152:INFO:ResultsLogger:Model:CustomCNN, EpochTrained:20, Acc: 99.0%, AvgLoss: 0.003889, AddInfo: hopLen160_nMFCC16_mfcc
2022-09-07 13:37:14,555:INFO:ResultsLogger:Model:CustomSCNN, EpochTrained:20, Acc: 99.3%, AvgLoss: 0.029308, AddInfo: hopLen160_nMFCC16_mfcc_10Steps
2022-09-07 13:49:40,463:INFO:ResultsLogger:Model:CustomSCNN, EpochTrained:20, Acc: 98.0%, AvgLoss: 0.051275, AddInfo: hopLen160_nMFCC16_mfcc_10Steps
2022-09-07 13:51:36,492:INFO:ResultsLogger:Model:CustomCNN, EpochTrained:20, Acc: 99.3%, AvgLoss: 0.000790, AddInfo: hopLen160_nMFCC16_mfcc
2022-09-07 14:26:37,782:INFO:ResultsLogger:Model:CustomCNN, EpochTrained:20, Acc: 98.7%, AvgLoss: 0.007825, AddInfo: hopLen160_nMFCC16_mfcc
2022-09-08 10:36:03,200:INFO:ResultsLogger:Model:CustomCNN, EpochTrained:20, Acc: 97.0%, AvgLoss: 0.009421, AddInfo: hopLen512_nMFCC16_mfcc
2022-09-08 10:39:38,079:INFO:ResultsLogger:Model:CustomSCNN, EpochTrained:20, Acc: 98.0%, AvgLoss: 0.057606, AddInfo: hopLen512_nMFCC16_mfcc_10Steps
2022-09-08 10:54:05,564:INFO:ResultsLogger:Model:CustomSCNN, EpochTrained:20, Acc: 97.7%, AvgLoss: 0.003716, AddInfo: hopLen512_nMFCC16_mfcc_1Steps
2022-09-08 10:56:19,413:INFO:ResultsLogger:Model:CustomCNN, EpochTrained:20, Acc: 97.3%, AvgLoss: 0.006941, AddInfo: hopLen512_nMFCC16_mfcc
2022-09-08 10:58:16,123:INFO:ResultsLogger:Model:CustomSCNN, EpochTrained:20, Acc: 98.0%, AvgLoss: 0.005340, AddInfo: hopLen512_nMFCC16_mfcc_1Steps
2022-09-08 18:07:03,981:INFO:ResultsLogger:Model:CustomCNN, EpochTrained:20, Acc: 99.3%, AvgLoss: 0.001107, AddInfo: hopLen512_nMFCC16_mfcc
2022-09-09 09:57:36,300:INFO:ResultsLogger:Model:CustomCNN, EpochTrained:20, Acc: 98.7%, AvgLoss: 0.002124, AddInfo: hopLen512_nMFCC16_mfcc
